// Jest Snapshot v1, https://goo.gl/fbAQLP

exports[`compliance impl returns template 1`] = `
"# platform = multi_platform_all
# complexity = low
# strategy = disable
# reboot = false
# disruption = low
- name: Disable the Automounter
  hosts: '@@HOSTS@@'
  become: true
  tags:
    - CCE-27498-5
    - DISA-STIG-RHEL-07-020110
    - NIST-800-171-3.4.6
    - NIST-800-53-CM-6(a)
    - NIST-800-53-CM-7(a)
    - NIST-800-53-CM-7(b)
    - NIST-800-53-MP-7
    - disable_strategy
    - low_complexity
    - low_disruption
    - medium_severity
    - no_reboot_needed
    - service_autofs_disabled
  tasks:

    - name: Disable service autofs
      block:
        - name: Gather the service facts
          service_facts: null

        - name: Disable service autofs
          systemd:
            name: autofs.service
            enabled: 'no'
            state: stopped
            masked: 'yes'
          when: '\\"autofs.service\\" in ansible_facts.services'
      when: 
          ansible_virtualization_role != \\"guest\\" or ansible_virtualization_type !=
          \\"docker\\"

    - name: Unit Socket Exists - autofs.socket
      command: systemctl list-unit-files autofs.socket
      args:
        warn: false
      register: socket_file_exists
      changed_when: false
      ignore_errors: true
      check_mode: false
      when: 
          ansible_virtualization_role != \\"guest\\" or ansible_virtualization_type !=
          \\"docker\\"

    - name: Disable socket autofs
      systemd:
        name: autofs.socket
        enabled: 'no'
        state: stopped
        masked: 'yes'
      when:
        - '\\"autofs.socket\\" in socket_file_exists.stdout_lines[1]'
        - ansible_virtualization_role != \\"guest\\" or ansible_virtualization_type !=
          \\"docker\\"
"
`;

exports[`compliance impl returns template for multiple issues 1`] = `
"# platform = multi_platform_all
# complexity = low
# strategy = disable
# reboot = false
# disruption = low
- name: Disable the Automounter
  hosts: '@@HOSTS@@'
  become: true
  tags:
    - CCE-27498-5
    - DISA-STIG-RHEL-07-020110
    - NIST-800-171-3.4.6
    - NIST-800-53-CM-6(a)
    - NIST-800-53-CM-7(a)
    - NIST-800-53-CM-7(b)
    - NIST-800-53-MP-7
    - disable_strategy
    - low_complexity
    - low_disruption
    - medium_severity
    - no_reboot_needed
    - service_autofs_disabled
  tasks:

    - name: Disable service autofs
      block:
        - name: Gather the service facts
          service_facts: null

        - name: Disable service autofs
          systemd:
            name: autofs.service
            enabled: 'no'
            state: stopped
            masked: 'yes'
          when: '\\"autofs.service\\" in ansible_facts.services'
      when: 
          ansible_virtualization_role != \\"guest\\" or ansible_virtualization_type !=
          \\"docker\\"

    - name: Unit Socket Exists - autofs.socket
      command: systemctl list-unit-files autofs.socket
      args:
        warn: false
      register: socket_file_exists
      changed_when: false
      ignore_errors: true
      check_mode: false
      when: 
          ansible_virtualization_role != \\"guest\\" or ansible_virtualization_type !=
          \\"docker\\"

    - name: Disable socket autofs
      systemd:
        name: autofs.socket
        enabled: 'no'
        state: stopped
        masked: 'yes'
      when:
        - '\\"autofs.socket\\" in socket_file_exists.stdout_lines[1]'
        - ansible_virtualization_role != \\"guest\\" or ansible_virtualization_type !=
          \\"docker\\"
"
`;

exports[`compliance impl returns template for multiple issues 2`] = `
"# platform = multi_platform_all
# complexity = low
# strategy = enable
# reboot = false
# disruption = low
- name: Enable rsyslog Service
  hosts: '@@HOSTS@@'
  become: true
  tags:
    - CCE-80188-6
    - NIST-800-53-AU-4(1)
    - NIST-800-53-CM-6(a)
    - enable_strategy
    - low_complexity
    - low_disruption
    - medium_severity
    - no_reboot_needed
    - service_rsyslog_enabled
  tasks:

    - name: Enable service rsyslog
      block:

        - name: Gather the package facts
          package_facts:
            manager: auto

        - name: Enable service rsyslog
          service:
            name: rsyslog
            enabled: 'yes'
            state: started
          when:
            - '\\"rsyslog\\" in ansible_facts.packages'
      when: ansible_virtualization_role != \\"guest\\" or ansible_virtualization_type
        != \\"docker\\"
"
`;
