// Jest Snapshot v1, https://goo.gl/fbAQLP

exports[`compliance impl POST templates obtain templates 1`] = `
Object {
  "data": Array [
    Object {
      "template": "# platform = multi_platform_all
# complexity = low
# strategy = patch
# reboot = true
# disruption = high
- name: Ensure Software Patches Installed
  hosts: '@@HOSTS@@'
  become: true
  tags:
    - CCE-26895-3
    - CJIS-5.10.4.1
    - DISA-STIG-RHEL-07-020260
    - NIST-800-53-MA-1(b)
    - NIST-800-53-SI-2
    - NIST-800-53-SI-2(c)
    - PCI-DSS-Req-6.2
    - high_disruption
    - high_severity
    - low_complexity
    - patch_strategy
    - reboot_required
    - security_patches_up_to_date
    - skip_ansible_lint
  tasks:

    - name: Security patches are up to date
      package:
        name: '*'
        state: latest
",
      "version": "mock",
    },
    Object {
      "template": "# platform = multi_platform_all
# complexity = low
# strategy = patch
# reboot = true
# disruption = high
- name: Ensure Software Patches Installed
  hosts: '@@HOSTS@@'
  become: true
  tags:
    - CCE-26895-3
    - CJIS-5.10.4.1
    - DISA-STIG-RHEL-07-020260
    - NIST-800-53-MA-1(b)
    - NIST-800-53-SI-2
    - NIST-800-53-SI-2(c)
    - PCI-DSS-Req-6.2
    - high_disruption
    - high_severity
    - low_complexity
    - patch_strategy
    - reboot_required
    - security_patches_up_to_date
    - skip_ansible_lint
  tasks:

    - name: Security patches are up to date
      package:
        name: '*'
        state: latest
",
      "version": "mock",
    },
  ],
}
`;

exports[`compliance impl POST templates retries on failure 1`] = `
Object {
  "data": Array [
    Object {
      "template": "# platform = multi_platform_all
# complexity = low
# strategy = patch
# reboot = true
# disruption = high
- name: Ensure Software Patches Installed
  hosts: '@@HOSTS@@'
  become: true
  tags:
    - CCE-26895-3
    - CJIS-5.10.4.1
    - DISA-STIG-RHEL-07-020260
    - NIST-800-53-MA-1(b)
    - NIST-800-53-SI-2
    - NIST-800-53-SI-2(c)
    - PCI-DSS-Req-6.2
    - high_disruption
    - high_severity
    - low_complexity
    - patch_strategy
    - reboot_required
    - security_patches_up_to_date
    - skip_ansible_lint
  tasks:

    - name: Security patches are up to date
      package:
        name: '*'
        state: latest
",
      "version": "mock",
    },
    Object {
      "template": "# platform = multi_platform_all
# complexity = low
# strategy = patch
# reboot = true
# disruption = high
- name: Ensure Software Patches Installed
  hosts: '@@HOSTS@@'
  become: true
  tags:
    - CCE-26895-3
    - CJIS-5.10.4.1
    - DISA-STIG-RHEL-07-020260
    - NIST-800-53-MA-1(b)
    - NIST-800-53-SI-2
    - NIST-800-53-SI-2(c)
    - PCI-DSS-Req-6.2
    - high_disruption
    - high_severity
    - low_complexity
    - patch_strategy
    - reboot_required
    - security_patches_up_to_date
    - skip_ansible_lint
  tasks:

    - name: Security patches are up to date
      package:
        name: '*'
        state: latest
",
      "version": "mock",
    },
  ],
}
`;
