// Jest Snapshot v1, https://goo.gl/fbAQLP

exports[`FiFi connection status obtains connection status 1`] = `
"{
    \\"meta\\": {
        \\"count\\": 6,
        \\"total\\": 6
    },
    \\"data\\": [
        {
            \\"executor_id\\": \\"01bf542e-6092-485c-ba04-c656d77f988a\\",
            \\"executor_type\\": \\"satellite\\",
            \\"executor_name\\": \\"Satellite 01bf542e-6092-485c-ba04-c656d77f988a\\",
            \\"system_count\\": 4,
            \\"connection_status\\": \\"no_source\\"
        },
        {
            \\"executor_id\\": \\"722ec903-f4b5-4b1f-9c2f-23fc7b0ba390\\",
            \\"executor_type\\": \\"satellite\\",
            \\"executor_name\\": \\"Satellite 1 (connected)\\",
            \\"system_count\\": 3,
            \\"connection_status\\": \\"connected\\"
        },
        {
            \\"executor_id\\": \\"409dd231-6297-43a6-a726-5ce56923d624\\",
            \\"executor_type\\": \\"satellite\\",
            \\"executor_name\\": \\"Satellite 2 (disconnected)\\",
            \\"system_count\\": 6,
            \\"connection_status\\": \\"disconnected\\"
        },
        {
            \\"executor_id\\": \\"72f44b25-64a7-4ee7-a94e-3beed9393972\\",
            \\"executor_type\\": \\"satellite\\",
            \\"executor_name\\": \\"Satellite 3 (no receptor configured)\\",
            \\"system_count\\": 5,
            \\"connection_status\\": \\"no_receptor\\"
        },
        {
            \\"executor_id\\": \\"63142926-46a5-498b-9614-01f2f66fd40b\\",
            \\"executor_type\\": \\"satellite\\",
            \\"executor_name\\": \\"Satellite 4 (connected)\\",
            \\"system_count\\": 1,
            \\"connection_status\\": \\"connected\\"
        },
        {
            \\"executor_id\\": null,
            \\"executor_type\\": null,
            \\"executor_name\\": null,
            \\"system_count\\": 2,
            \\"connection_status\\": \\"no_executor\\"
        }
    ]
}"
`;

exports[`FiFi playbook run GET playbook_runs 1`] = `"{\\"meta\\":{\\"count\\":1,\\"total\\":1},\\"data\\":[{\\"id\\":\\"88d0ba73-0015-4e7d-a6d6-4b530cbfb5bc\\",\\"status\\":\\"running\\",\\"remediation_id\\":\\"249f142c-2ae3-4c3f-b2ec-c8c5881f8561\\",\\"created_by\\":{\\"username\\":\\"fifi\\",\\"first_name\\":\\"test\\",\\"last_name\\":\\"user\\"},\\"created_at\\":\\"2019-12-23T08:19:36.641Z\\",\\"updated_at\\":\\"2019-12-23T08:19:36.641Z\\",\\"executors\\":[{\\"executor_id\\":\\"21a0ba73-1035-4e7d-b6d6-4b530cbfb5bd\\",\\"executor_name\\":\\"executor-2\\",\\"system_count\\":1},{\\"executor_id\\":\\"77c0ba73-1015-4e7d-a6d6-4b530cbfb5bd\\",\\"executor_name\\":\\"executor-1\\",\\"system_count\\":2}]}]}"`;

exports[`FiFi playbook run GET playbook_runs/:playbook_run_id 1`] = `"{\\"id\\":\\"88d0ba73-0015-4e7d-a6d6-4b530cbfb5bc\\",\\"status\\":\\"running\\",\\"remediation_id\\":\\"249f142c-2ae3-4c3f-b2ec-c8c5881f8561\\",\\"created_by\\":{\\"username\\":\\"fifi\\",\\"first_name\\":\\"test\\",\\"last_name\\":\\"user\\"},\\"created_at\\":\\"2019-12-23T08:19:36.641Z\\",\\"updated_at\\":\\"2019-12-23T08:19:36.641Z\\",\\"executors\\":[{\\"executor_id\\":\\"77c0ba73-1015-4e7d-a6d6-4b530cbfb5bd\\",\\"executor_name\\":\\"executor-1\\",\\"updated_at\\":\\"2019-12-23T08:20:36.641Z\\",\\"playbook\\":\\"---\\\\n# Red Hat Insights has recommended one or more actions for you, a system administrator, to review and if you\\\\n# deem appropriate, deploy on your systems running Red Hat software. Based on the analysis, we have automatically\\\\n# generated an Ansible Playbook for you. Please review and test the recommended actions and the Playbook as\\\\n# they may contain configuration changes, updates, reboots and/or other changes to your systems. Red Hat is not\\\\n# responsible for any adverse outcomes related to these recommendations or Playbooks.\\\\n#\\\\n# FiFI playbook 3\\\\n# https://cloud.redhat.com/insights/remediations/249f142c-2ae3-4c3f-b2ec-c8c5881f8561\\\\n# Generated by Red Hat Insights on Wed, 12 Feb 2020 18:21:15 GMT\\\\n\\\\n# Fixes test:ping\\\\n# Identifier: (test:ping,fix)\\\\n# Version: unknown\\\\n- name: ping\\\\n  hosts: \\\\\\"355986a3-5f37-40f7-8f36-c3ac928ce190.example.com\\\\\\"\\\\n  tasks:\\\\n    - ping:\\\\n\\\\n- name: run insights\\\\n  hosts: \\\\\\"355986a3-5f37-40f7-8f36-c3ac928ce190.example.com\\\\\\"\\\\n  become: True\\\\n  gather_facts: False\\\\n  tasks:\\\\n    - name: run insights\\\\n      command: insights-client\\\\n      changed_when: false\\",\\"playbook_run_id\\":\\"88d0ba73-0015-4e7d-a6d6-4b530cbfb5bc\\",\\"status\\":\\"running\\",\\"system_count\\":2},{\\"executor_id\\":\\"21a0ba73-1035-4e7d-b6d6-4b530cbfb5bd\\",\\"executor_name\\":\\"executor-2\\",\\"updated_at\\":\\"2019-12-23T08:20:36.641Z\\",\\"playbook\\":\\"---\\\\n# Red Hat Insights has recommended one or more actions for you, a system administrator, to review and if you\\\\n# deem appropriate, deploy on your systems running Red Hat software. Based on the analysis, we have automatically\\\\n# generated an Ansible Playbook for you. Please review and test the recommended actions and the Playbook as\\\\n# they may contain configuration changes, updates, reboots and/or other changes to your systems. Red Hat is not\\\\n# responsible for any adverse outcomes related to these recommendations or Playbooks.\\\\n#\\\\n# FiFI playbook 3\\\\n# https://cloud.redhat.com/insights/remediations/249f142c-2ae3-4c3f-b2ec-c8c5881f8561\\\\n# Generated by Red Hat Insights on Wed, 12 Feb 2020 18:21:15 GMT\\\\n\\\\n# Fixes test:ping\\\\n# Identifier: (test:ping,fix)\\\\n# Version: unknown\\\\n- name: ping\\\\n  hosts: \\\\\\"355986a3-5f37-40f7-8f36-c3ac928ce190.example.com\\\\\\"\\\\n  tasks:\\\\n    - ping:\\\\n\\\\n- name: run insights\\\\n  hosts: \\\\\\"355986a3-5f37-40f7-8f36-c3ac928ce190.example.com\\\\\\"\\\\n  become: True\\\\n  gather_facts: False\\\\n  tasks:\\\\n    - name: run insights\\\\n      command: insights-client\\\\n      changed_when: false\\",\\"playbook_run_id\\":\\"88d0ba73-0015-4e7d-a6d6-4b530cbfb5bc\\",\\"status\\":\\"running\\",\\"system_count\\":1}]}"`;

exports[`FiFi playbook run GET playbook_runs/:playbook_run_id/systems 1`] = `"{\\"meta\\":{\\"count\\":3,\\"total\\":3},\\"data\\":[{\\"system_id\\":\\"7b136dd2-4824-43cf-af6c-ad0ee42f9f97\\",\\"system_name\\":\\"system-1\\",\\"status\\":\\"running\\",\\"updated_at\\":\\"2019-12-23T18:19:36.641Z\\",\\"playbook_run_executor_id\\":\\"66d0ba73-0015-4e7d-a6d6-4b530cbfb5bd\\"},{\\"system_id\\":\\"3590ba1a-e0df-4092-9c23-bca863b28573\\",\\"system_name\\":\\"system-2\\",\\"status\\":\\"running\\",\\"updated_at\\":\\"2019-12-23T18:19:36.641Z\\",\\"playbook_run_executor_id\\":\\"66d0ba73-0015-4e7d-a6d6-4b530cbfb5bd\\"},{\\"system_id\\":\\"a68f36f4-b9b1-4eae-b0ad-dc528bf6b16f\\",\\"system_name\\":\\"system-3\\",\\"status\\":\\"running\\",\\"updated_at\\":\\"2019-12-23T18:19:36.641Z\\",\\"playbook_run_executor_id\\":\\"55c0ba73-0215-4e7d-a6d6-4b530cbfb5bd\\"}]}"`;

exports[`FiFi playbook run GET playbook_runs/:playbook_run_id/systems/:system 1`] = `"{\\"system_id\\":\\"7b136dd2-4824-43cf-af6c-ad0ee42f9f97\\",\\"system_name\\":\\"system-1\\",\\"status\\":\\"running\\",\\"console\\":\\"These are the logs for console-5\\",\\"updated_at\\":\\"2019-12-23T18:19:36.641Z\\",\\"playbook_run_executor_id\\":\\"66d0ba73-0015-4e7d-a6d6-4b530cbfb5bd\\"}"`;

exports[`FiFi playbook run POST check object being send to receptor connector 1`] = `
Array [
  Object {
    "account": "fifi",
    "directive": "receptor_satellite:execute",
    "payload": "{\\"remediation_id\\":\\"63d92aeb-9351-4216-8d7c-044d171337bc\\",\\"remediation_name\\":\\"FiFI playbook 5\\",\\"playbook_run_id\\":\\"249f142c-2ae3-4c3f-b2ec-c8c588999999\\",\\"account\\":\\"fifi\\",\\"hosts\\":[\\"355986a3-5f37-40f7-8f36-c3ac928ce190.example.com\\",\\"b84f4322-a0b8-4fb9-a8dc-8abb9ee16bc0\\",\\"d5174274-4307-4fac-84fd-da2c3497657c\\"],\\"playbook\\":\\"---\\\\n# Red Hat Insights has recommended one or more actions for you, a system administrator, to review and if you\\\\n# deem appropriate, deploy on your systems running Red Hat software. Based on the analysis, we have automatically\\\\n# generated an Ansible Playbook for you. Please review and test the recommended actions and the Playbook as\\\\n# they may contain configuration changes, updates, reboots and/or other changes to your systems. Red Hat is not\\\\n# responsible for any adverse outcomes related to these recommendations or Playbooks.\\\\n#\\\\n# FiFI playbook 5\\\\n# https://cloud.redhat.com/insights/remediations/63d92aeb-9351-4216-8d7c-044d171337bc\\\\n# Generated by Red Hat Insights on Sat, 29 Dec 2018 08:20:35 GMT\\\\n# Created by fifi\\\\n\\\\n# Fixes test:ping\\\\n# Identifier: (test:ping,fix)\\\\n# Version: unknown\\\\n- name: ping\\\\n  hosts: \\\\\\"355986a3-5f37-40f7-8f36-c3ac928ce190.example.com,b84f4322-a0b8-4fb9-a8dc-8abb9ee16bc0,d5174274-4307-4fac-84fd-da2c3497657c\\\\\\"\\\\n  tasks:\\\\n    - ping:\\\\n\\\\n- name: run insights\\\\n  hosts: \\\\\\"355986a3-5f37-40f7-8f36-c3ac928ce190.example.com,b84f4322-a0b8-4fb9-a8dc-8abb9ee16bc0,d5174274-4307-4fac-84fd-da2c3497657c\\\\\\"\\\\n  become: True\\\\n  gather_facts: False\\\\n  tasks:\\\\n    - name: run insights\\\\n      command: insights-client\\\\n      changed_when: false\\",\\"config\\":{\\"text_updates\\":true,\\"text_update_interval\\":5000,\\"text_update_full\\":true}}",
    "recipient": "098765",
  },
]
`;

exports[`FiFi playbook run POST check object being send to receptor connector 2`] = `
Array [
  Object {
    "account": "fifi",
    "directive": "receptor_satellite:execute",
    "payload": "{\\"remediation_id\\":\\"63d92aeb-9351-4216-8d7c-044d171337bc\\",\\"remediation_name\\":\\"FiFI playbook 5\\",\\"playbook_run_id\\":\\"249f142c-2ae3-4c3f-b2ec-c8c588999999\\",\\"account\\":\\"fifi\\",\\"hosts\\":[\\"35e9b452-e405-499c-9c6e-120010b7b465.example.com\\"],\\"playbook\\":\\"---\\\\n# Red Hat Insights has recommended one or more actions for you, a system administrator, to review and if you\\\\n# deem appropriate, deploy on your systems running Red Hat software. Based on the analysis, we have automatically\\\\n# generated an Ansible Playbook for you. Please review and test the recommended actions and the Playbook as\\\\n# they may contain configuration changes, updates, reboots and/or other changes to your systems. Red Hat is not\\\\n# responsible for any adverse outcomes related to these recommendations or Playbooks.\\\\n#\\\\n# FiFI playbook 5\\\\n# https://cloud.redhat.com/insights/remediations/63d92aeb-9351-4216-8d7c-044d171337bc\\\\n# Generated by Red Hat Insights on Sat, 29 Dec 2018 08:20:35 GMT\\\\n# Created by fifi\\\\n\\\\n# Fixes test:ping\\\\n# Identifier: (test:ping,fix)\\\\n# Version: unknown\\\\n- name: ping\\\\n  hosts: \\\\\\"35e9b452-e405-499c-9c6e-120010b7b465.example.com\\\\\\"\\\\n  tasks:\\\\n    - ping:\\\\n\\\\n- name: run insights\\\\n  hosts: \\\\\\"35e9b452-e405-499c-9c6e-120010b7b465.example.com\\\\\\"\\\\n  become: True\\\\n  gather_facts: False\\\\n  tasks:\\\\n    - name: run insights\\\\n      command: insights-client\\\\n      changed_when: false\\",\\"config\\":{\\"text_updates\\":true,\\"text_update_interval\\":5000,\\"text_update_full\\":true}}",
    "recipient": "098768",
  },
]
`;
