// Jest Snapshot v1, https://goo.gl/fbAQLP

exports[`aggregates multiple errata into a single play 1`] = `
"---
# Red Hat Insights has recommended one or more actions for you, a system administrator, to review and if you
# deem appropriate, deploy on your systems running Red Hat software. Based on the analysis, we have automatically
# generated an Ansible Playbook for you. Please review and test the recommended actions and the Playbook as
# they may contain configuration changes, updates, reboots and/or other changes to your systems. Red Hat is not
# responsible for any adverse outcomes related to these recommendations or Playbooks.

# Upgrade the following packages:
#   - Upgrade packages affected by RHSA-2017:1382
#   - Upgrade packages affected by RHSA-2017:1852
#   - Upgrade packages affected by RHSA-2017:2679
#   - Upgrade packages affected by RHSA-2018:0502
# Identifier: (vulnerabilities:RHSA-2017:1382,vulnerabilities:RHSA-2017:1852,vulnerabilities:RHSA-2017:2679,vulnerabilities:RHSA-2018:0502,fix)
# Version: unknown
- name: upgrade packages affected by RHSA-2017:1382,RHSA-2017:1852,RHSA-2017:2679,RHSA-2018:0502
  hosts: \\"68799a02-8be9-11e8-9eb6-529269fb1459.example.com\\"
  become: true
  tasks:
    - name: check for update
      shell: \\"{{ ansible_facts['pkg_mgr'] }} check-update -q --advisory RHSA-2017:1382,RHSA-2017:1852,RHSA-2017:2679,RHSA-2018:0502\\"
      register: check_out
      failed_when: check_out.rc != 0 and check_out.rc != 100
      args:
        warn: false

    - when: check_out.rc == 100
      name: upgrade package
      shell: \\"{{ ansible_facts['pkg_mgr'] }} update -d 2 -y --advisory RHSA-2017:1382,RHSA-2017:1852,RHSA-2017:2679,RHSA-2018:0502\\"
      args:
        warn: false

    - when: check_out.rc == 100
      name: set reboot fact
      set_fact:
        insights_needs_reboot: True

# Reboots a system if any of the preceeding plays sets the 'insights_needs_reboot' variable to true.
# The variable can be overridden to suppress this behavior.
- name: Reboot system (if applicable)
  hosts: \\"68799a02-8be9-11e8-9eb6-529269fb1459.example.com\\"
  become: True
  gather_facts: False
  tasks:
    - when:
        - insights_needs_reboot is defined
        - insights_needs_reboot
      block:
        - name: Reboot system
          shell: sleep 2 && shutdown -r now \\"Ansible triggered reboot\\"
          async: 1
          poll: 0
          ignore_errors: true

        - name: Wait for system to boot up
          local_action:
            module: wait_for
            host: \\"{{ hostvars[inventory_hostname]['ansible_host'] | default(hostvars[inventory_hostname]['ansible_ssh_host'], true) | default(inventory_hostname, true) }}\\"
            port: \\"{{ hostvars[inventory_hostname]['ansible_port'] | default(hostvars[inventory_hostname]['ansible_ssh_port'], true) | default('22', true) }}\\"
            delay: 15
            search_regex: OpenSSH
            timeout: 300
          become: false

- name: run insights
  hosts: \\"68799a02-8be9-11e8-9eb6-529269fb1459.example.com\\"
  become: True
  gather_facts: False
  tasks:
    - name: run insights
      command: insights-client
      changed_when: false"
`;

exports[`aggregates multiple errata-based issues into advisory/cve plays 1`] = `
"---
# Red Hat Insights has recommended one or more actions for you, a system administrator, to review and if you
# deem appropriate, deploy on your systems running Red Hat software. Based on the analysis, we have automatically
# generated an Ansible Playbook for you. Please review and test the recommended actions and the Playbook as
# they may contain configuration changes, updates, reboots and/or other changes to your systems. Red Hat is not
# responsible for any adverse outcomes related to these recommendations or Playbooks.

# Upgrade the following packages:
#   - Upgrade packages affected by RHSA-2017:1382
#   - Upgrade packages affected by RHSA-2017:1852
#   - Upgrade packages affected by RHSA-2017:2679
#   - Upgrade packages affected by RHSA-2018:0502
# Identifier: (vulnerabilities:RHSA-2017:1382,vulnerabilities:RHSA-2017:1852,vulnerabilities:RHSA-2017:2679,vulnerabilities:RHSA-2018:0502,fix)
# Version: test-version
- name: upgrade packages affected by RHSA-2017:1382,RHSA-2017:1852,RHSA-2017:2679,RHSA-2018:0502
  hosts: \\"68799a02-8be9-11e8-9eb6-529269fb1459.example.com\\"
  become: true
  tasks:
    - name: check for update
      shell: \\"{{ ansible_facts['pkg_mgr'] }} check-update -q --advisory RHSA-2017:1382,RHSA-2017:1852,RHSA-2017:2679,RHSA-2018:0502\\"
      register: check_out
      failed_when: check_out.rc != 0 and check_out.rc != 100
      args:
        warn: false

    - when: check_out.rc == 100
      name: upgrade package
      shell: \\"{{ ansible_facts['pkg_mgr'] }} update -d 2 -y --advisory RHSA-2017:1382,RHSA-2017:1852,RHSA-2017:2679,RHSA-2018:0502\\"
      args:
        warn: false

    - when: check_out.rc == 100
      name: set reboot fact
      set_fact:
        insights_needs_reboot: True

# Upgrade the following packages:
#   - Upgrade packages affected by CVE-2017-17712
#   - Upgrade packages affected by CVE-2017-5715
# Identifier: (vulnerabilities:CVE-2017-17712,vulnerabilities:CVE-2017-5715,fix)
# Version: test-version
- name: upgrade packages affected by CVE-2017-17712,CVE-2017-5715
  hosts: \\"68799a02-8be9-11e8-9eb6-529269fb1459.example.com\\"
  become: true
  tasks:
    - name: check for update
      shell: \\"{{ ansible_facts['pkg_mgr'] }} check-update -q --cve CVE-2017-17712,CVE-2017-5715\\"
      register: check_out
      failed_when: check_out.rc != 0 and check_out.rc != 100
      args:
        warn: false

    - when: check_out.rc == 100
      name: upgrade package
      shell: \\"{{ ansible_facts['pkg_mgr'] }} update -d 2 -y --cve CVE-2017-17712,CVE-2017-5715\\"
      args:
        warn: false

    - when: check_out.rc == 100
      name: set reboot fact
      set_fact:
        insights_needs_reboot: True

# Reboots a system if any of the preceeding plays sets the 'insights_needs_reboot' variable to true.
# The variable can be overridden to suppress this behavior.
- name: Reboot system (if applicable)
  hosts: \\"68799a02-8be9-11e8-9eb6-529269fb1459.example.com\\"
  become: True
  gather_facts: False
  tasks:
    - when:
        - insights_needs_reboot is defined
        - insights_needs_reboot
      block:
        - name: Reboot system
          shell: sleep 2 && shutdown -r now \\"Ansible triggered reboot\\"
          async: 1
          poll: 0
          ignore_errors: true

        - name: Wait for system to boot up
          local_action:
            module: wait_for
            host: \\"{{ hostvars[inventory_hostname]['ansible_host'] | default(hostvars[inventory_hostname]['ansible_ssh_host'], true) | default(inventory_hostname, true) }}\\"
            port: \\"{{ hostvars[inventory_hostname]['ansible_port'] | default(hostvars[inventory_hostname]['ansible_ssh_port'], true) | default('22', true) }}\\"
            delay: 15
            search_regex: OpenSSH
            timeout: 300
          become: false

- name: run insights
  hosts: \\"68799a02-8be9-11e8-9eb6-529269fb1459.example.com\\"
  become: True
  gather_facts: False
  tasks:
    - name: run insights
      command: insights-client
      changed_when: false"
`;

exports[`generates a simple playbook with multiple erratum-based remediation 1`] = `
"---
# Red Hat Insights has recommended one or more actions for you, a system administrator, to review and if you
# deem appropriate, deploy on your systems running Red Hat software. Based on the analysis, we have automatically
# generated an Ansible Playbook for you. Please review and test the recommended actions and the Playbook as
# they may contain configuration changes, updates, reboots and/or other changes to your systems. Red Hat is not
# responsible for any adverse outcomes related to these recommendations or Playbooks.

# Upgrade packages affected by RHSA-2018:0502
# Identifier: (vulnerabilities:RHSA-2018:0502,fix)
# Version: unknown
- name: upgrade packages affected by RHSA-2018:0502
  hosts: \\"68799a02-8be9-11e8-9eb6-529269fb1459.example.com\\"
  become: true
  tasks:
    - name: check for update
      shell: \\"{{ ansible_facts['pkg_mgr'] }} check-update -q --advisory RHSA-2018:0502\\"
      register: check_out
      failed_when: check_out.rc != 0 and check_out.rc != 100
      args:
        warn: false

    - when: check_out.rc == 100
      name: upgrade package
      shell: \\"{{ ansible_facts['pkg_mgr'] }} update -d 2 -y --advisory RHSA-2018:0502\\"
      args:
        warn: false

    - when: check_out.rc == 100
      name: set reboot fact
      set_fact:
        insights_needs_reboot: True

# Upgrade packages affected by RHBA-2007:0331
# Identifier: (vulnerabilities:RHBA-2007:0331,fix)
# Version: unknown
- name: upgrade packages affected by RHBA-2007:0331
  hosts: \\"53fbcd90-9c8f-11e8-98d0-529269fb1459.example.com\\"
  become: true
  tasks:
    - name: check for update
      shell: \\"{{ ansible_facts['pkg_mgr'] }} check-update -q --advisory RHBA-2007:0331\\"
      register: check_out
      failed_when: check_out.rc != 0 and check_out.rc != 100
      args:
        warn: false

    - when: check_out.rc == 100
      name: upgrade package
      shell: \\"{{ ansible_facts['pkg_mgr'] }} update -d 2 -y --advisory RHBA-2007:0331\\"
      args:
        warn: false

    - when: check_out.rc == 100
      name: set reboot fact
      set_fact:
        insights_needs_reboot: True

# Upgrade packages affected by CVE-2017-17712
# Identifier: (vulnerabilities:CVE-2017-17712,fix)
# Version: unknown
- name: upgrade packages affected by CVE-2017-17712
  hosts: \\"53fbcd90-9c8f-11e8-98d0-529269fb1459.example.com\\"
  become: true
  tasks:
    - name: check for update
      shell: \\"{{ ansible_facts['pkg_mgr'] }} check-update -q --cve CVE-2017-17712\\"
      register: check_out
      failed_when: check_out.rc != 0 and check_out.rc != 100
      args:
        warn: false

    - when: check_out.rc == 100
      name: upgrade package
      shell: \\"{{ ansible_facts['pkg_mgr'] }} update -d 2 -y --cve CVE-2017-17712\\"
      args:
        warn: false

    - when: check_out.rc == 100
      name: set reboot fact
      set_fact:
        insights_needs_reboot: True

# Reboots a system if any of the preceeding plays sets the 'insights_needs_reboot' variable to true.
# The variable can be overridden to suppress this behavior.
- name: Reboot system (if applicable)
  hosts: \\"53fbcd90-9c8f-11e8-98d0-529269fb1459.example.com,68799a02-8be9-11e8-9eb6-529269fb1459.example.com\\"
  become: True
  gather_facts: False
  tasks:
    - when:
        - insights_needs_reboot is defined
        - insights_needs_reboot
      block:
        - name: Reboot system
          shell: sleep 2 && shutdown -r now \\"Ansible triggered reboot\\"
          async: 1
          poll: 0
          ignore_errors: true

        - name: Wait for system to boot up
          local_action:
            module: wait_for
            host: \\"{{ hostvars[inventory_hostname]['ansible_host'] | default(hostvars[inventory_hostname]['ansible_ssh_host'], true) | default(inventory_hostname, true) }}\\"
            port: \\"{{ hostvars[inventory_hostname]['ansible_port'] | default(hostvars[inventory_hostname]['ansible_ssh_port'], true) | default('22', true) }}\\"
            delay: 15
            search_regex: OpenSSH
            timeout: 300
          become: false

- name: run insights
  hosts: \\"53fbcd90-9c8f-11e8-98d0-529269fb1459.example.com,68799a02-8be9-11e8-9eb6-529269fb1459.example.com\\"
  become: True
  gather_facts: False
  tasks:
    - name: run insights
      command: insights-client
      changed_when: false"
`;

exports[`generates a simple playbook with single CVE remediation 1`] = `
"---
# Red Hat Insights has recommended one or more actions for you, a system administrator, to review and if you
# deem appropriate, deploy on your systems running Red Hat software. Based on the analysis, we have automatically
# generated an Ansible Playbook for you. Please review and test the recommended actions and the Playbook as
# they may contain configuration changes, updates, reboots and/or other changes to your systems. Red Hat is not
# responsible for any adverse outcomes related to these recommendations or Playbooks.

# Upgrade packages affected by CVE-2017-17712
# Identifier: (vulnerabilities:CVE-2017-17712,fix)
# Version: test-version
- name: upgrade packages affected by CVE-2017-17712
  hosts: \\"68799a02-8be9-11e8-9eb6-529269fb1459.example.com\\"
  become: true
  tasks:
    - name: check for update
      shell: \\"{{ ansible_facts['pkg_mgr'] }} check-update -q --cve CVE-2017-17712\\"
      register: check_out
      failed_when: check_out.rc != 0 and check_out.rc != 100
      args:
        warn: false

    - when: check_out.rc == 100
      name: upgrade package
      shell: \\"{{ ansible_facts['pkg_mgr'] }} update -d 2 -y --cve CVE-2017-17712\\"
      args:
        warn: false

    - when: check_out.rc == 100
      name: set reboot fact
      set_fact:
        insights_needs_reboot: True

# Reboots a system if any of the preceeding plays sets the 'insights_needs_reboot' variable to true.
# The variable can be overridden to suppress this behavior.
- name: Reboot system (if applicable)
  hosts: \\"68799a02-8be9-11e8-9eb6-529269fb1459.example.com\\"
  become: True
  gather_facts: False
  tasks:
    - when:
        - insights_needs_reboot is defined
        - insights_needs_reboot
      block:
        - name: Reboot system
          shell: sleep 2 && shutdown -r now \\"Ansible triggered reboot\\"
          async: 1
          poll: 0
          ignore_errors: true

        - name: Wait for system to boot up
          local_action:
            module: wait_for
            host: \\"{{ hostvars[inventory_hostname]['ansible_host'] | default(hostvars[inventory_hostname]['ansible_ssh_host'], true) | default(inventory_hostname, true) }}\\"
            port: \\"{{ hostvars[inventory_hostname]['ansible_port'] | default(hostvars[inventory_hostname]['ansible_ssh_port'], true) | default('22', true) }}\\"
            delay: 15
            search_regex: OpenSSH
            timeout: 300
          become: false

- name: run insights
  hosts: \\"68799a02-8be9-11e8-9eb6-529269fb1459.example.com\\"
  become: True
  gather_facts: False
  tasks:
    - name: run insights
      command: insights-client
      changed_when: false"
`;

exports[`generates a simple playbook with single RHSA remediation 1`] = `
"---
# Red Hat Insights has recommended one or more actions for you, a system administrator, to review and if you
# deem appropriate, deploy on your systems running Red Hat software. Based on the analysis, we have automatically
# generated an Ansible Playbook for you. Please review and test the recommended actions and the Playbook as
# they may contain configuration changes, updates, reboots and/or other changes to your systems. Red Hat is not
# responsible for any adverse outcomes related to these recommendations or Playbooks.

# Upgrade packages affected by RHSA-2018:0502
# Identifier: (vulnerabilities:RHSA-2018:0502,fix)
# Version: unknown
- name: upgrade packages affected by RHSA-2018:0502
  hosts: \\"68799a02-8be9-11e8-9eb6-529269fb1459.example.com\\"
  become: true
  tasks:
    - name: check for update
      shell: \\"{{ ansible_facts['pkg_mgr'] }} check-update -q --advisory RHSA-2018:0502\\"
      register: check_out
      failed_when: check_out.rc != 0 and check_out.rc != 100
      args:
        warn: false

    - when: check_out.rc == 100
      name: upgrade package
      shell: \\"{{ ansible_facts['pkg_mgr'] }} update -d 2 -y --advisory RHSA-2018:0502\\"
      args:
        warn: false

    - when: check_out.rc == 100
      name: set reboot fact
      set_fact:
        insights_needs_reboot: True

# Reboots a system if any of the preceeding plays sets the 'insights_needs_reboot' variable to true.
# The variable can be overridden to suppress this behavior.
- name: Reboot system (if applicable)
  hosts: \\"68799a02-8be9-11e8-9eb6-529269fb1459.example.com\\"
  become: True
  gather_facts: False
  tasks:
    - when:
        - insights_needs_reboot is defined
        - insights_needs_reboot
      block:
        - name: Reboot system
          shell: sleep 2 && shutdown -r now \\"Ansible triggered reboot\\"
          async: 1
          poll: 0
          ignore_errors: true

        - name: Wait for system to boot up
          local_action:
            module: wait_for
            host: \\"{{ hostvars[inventory_hostname]['ansible_host'] | default(hostvars[inventory_hostname]['ansible_ssh_host'], true) | default(inventory_hostname, true) }}\\"
            port: \\"{{ hostvars[inventory_hostname]['ansible_port'] | default(hostvars[inventory_hostname]['ansible_ssh_port'], true) | default('22', true) }}\\"
            delay: 15
            search_regex: OpenSSH
            timeout: 300
          become: false

- name: run insights
  hosts: \\"68799a02-8be9-11e8-9eb6-529269fb1459.example.com\\"
  become: True
  gather_facts: False
  tasks:
    - name: run insights
      command: insights-client
      changed_when: false"
`;
